
> trustlayer-app@0.1.0 build
> next build

Γû▓ Next.js 16.2.1 (Turbopack)

node.exe : ΓÜá The 
"middleware" file 
convention is 
deprecated. Please 
use "proxy" 
instead. Learn 
more: https://nextjs
.org/docs/messages/m
iddleware-to-proxy
At line:1 char:1
+ & "C:\Program File
s\nodejs/node.exe" 
"C:\Program Files\no
dejs/node_mo ...
+ ~~~~~~~~~~~~~~~~~~
~~~~~~~~~~~~~~~~~~~~
~~~~~~~~~~~~~~~~~~~~
~~~~~~~~~~~
    + CategoryInfo  
            : NotS  
  pecified: (ΓÜá    
 The "middle...l    
eware-to-proxy:    
String) [], Rem    
oteException
    + FullyQualifie 
   dErrorId : Nati  
  veCommandError
 
  Creating an optimized production build ...

> Build error 
occurred
Error: Turbopack 
build failed with 1 
errors:
./middleware.ts:3:1
Module not found: 
Can't resolve 
'./auth/jwt'
  [90m1 |[0m 
[36mimport[0m { [
33mNextResponse[0m 
} [36mfrom[0m [32
m'next/server'[0m;
  [90m2 |[0m 
[36mimport[0m 
[36mtype[0m { [33
mNextRequest[0m } 
[36mfrom[0m [32m'
next/server'[0m;
[31m[1m>[0m 
[90m3 |[0m 
[36mimport[0m { 
[33mJwtHandler[0m 
} [36mfrom[0m [32
m'./auth/jwt'[0m;
  [90m  |[0m [31m
[1m^^^^^^^^^^^^^^^^
^^^^^^^^^^^^^^^^^^^^
^^^^[0m
  [90m4 |[0m 
[36mimport[0m { 
v4 [36mas[0m 
uuidv4 } 
[36mfrom[0m 
[32m'uuid'[0m;
  [90m5 |[0m
  [90m6 |[0m 
[36mexport[0m 
[36masync[0m 
[36mfunction[0m 
middleware(request: 
[33mNextRequest[0m
) {



https://nextjs.org/d
ocs/messages/module-
not-found


    at <unknown> (./
middleware.ts:3:1)
    at <unknown> (ht
tps://nextjs.org/doc
s/messages/module-no
t-found)
