Starting S1 Conflict tests for Tenant: e9c292d6-af55-4472-b14f-89c95450918b
node.exe : Γ¥î Test Suite Failed: Error: Missing 
Supabase Admin environment variables (URL or 
SERVICE_ROLE_KEY)
At line:1 char:1
+ & "C:\Program Files\nodejs/node.exe" "C:\Program 
Files\nodejs/node_mo ...
+ ~~~~~~~~~~~~~~~~~~~~~~~~~~~~~~~~~~~~~~~~~~~~~~~~~~~
~~~~~~~~~~~~~~~~~~
    + CategoryInfo          : NotSpecified: (Γ¥î Tes 
   t Suite ...RVICE_ROLE_KEY):String) [], RemoteExc  
  eption
    + FullyQualifiedErrorId : NativeCommandError
 
    at createAdminClient 
(C:\Users\Richard.Georgiev\OneDrive - DIGITALL 
Nature\Documents\TrustLayer\lib\db\supabase.ts:10:11)
    at runTests (C:\Users\Richard.Georgiev\OneDrive 
- DIGITALL Nature\Documents\TrustLayer\tests\s1-confl
ict-verify.ts:14:22)
    at uuidv4 (C:\Users\Richard.Georgiev\OneDrive - 
DIGITALL Nature\Documents\TrustLayer\tests\s1-conflic
t-verify.ts:117:1)
    at Object.<anonymous> 
(C:\Users\Richard.Georgiev\OneDrive - DIGITALL Nature
\Documents\TrustLayer\tests\s1-conflict-verify.ts:117
:10)
    at Module._compile 
(node:internal/modules/cjs/loader:1688:14)
    at Object.transformer (C:\Users\Richard.Georgiev\
AppData\Local\npm-cache\_npx\fd45a72a545557e9\node_mo
dules\tsx\dist\register-D46fvsV_.cjs:3:1104)
    at Module.load 
(node:internal/modules/cjs/loader:1423:32)
    at Function._load 
(node:internal/modules/cjs/loader:1246:12)
    at TracingChannel.traceSync 
(node:diagnostics_channel:322:14)
    at wrapModuleLoad 
(node:internal/modules/cjs/loader:235:24)
